{"fecha_hora": "2026-09-03T19:35:39.087648Z", "nivel": "INFO", "proceso_id": 17316, "hilo": "MainThread", "tarea_asincrona": "Task-1", "mensaje": "================================================================", "asctime": "16:35:39"}
{"fecha_hora": "2026-09-03T19:35:39.087838Z", "nivel": "INFO", "proceso_id": 17316, "hilo": "MainThread", "tarea_asincrona": "Task-1", "mensaje": "INICIANDO MONITOREO MULTICLOUD: PROYECTO TRITON", "asctime": "16:35:39"}
{"fecha_hora": "2026-09-03T19:35:39.087943Z", "nivel": "INFO", "proceso_id": 17316, "hilo": "MainThread", "tarea_asincrona": "Task-1", "mensaje": "================================================================", "asctime": "16:35:39"}
{"fecha_hora": "2026-09-03T19:35:39.087977Z", "nivel": "INFO", "proceso_id": 17316, "hilo": "MainThread", "tarea_asincrona": "Task-1", "mensaje": "Cluster Objetivo: cluster-us-east-01", "asctime": "16:35:39"}
{"fecha_hora": "2026-09-03T19:35:39.088019Z", "nivel": "INFO", "proceso_id": 17316, "hilo": "MainThread", "tarea_asincrona": "Task-1", "mensaje": "Modo Operativo: NOMINAL", "asctime": "16:35:39"}
{"fecha_hora": "2026-09-03T19:35:39.088050Z", "nivel": "INFO", "proceso_id": 17316, "hilo": "MainThread", "tarea_asincrona": "Task-1", "mensaje": "Proveedores seleccionados: AWS, GCP", "asctime": "16:35:39"}
{"fecha_hora": "2026-09-03T19:35:39.088101Z", "nivel": "INFO", "proceso_id": 17316, "hilo": "MainThread", "tarea_asincrona": "Task-1", "mensaje": "Timeout limite configurado: 3.0s", "asctime": "16:35:39"}
{"fecha_hora": "2026-09-03T19:35:39.088134Z", "nivel": "INFO", "proceso_id": 17316, "hilo": "MainThread", "tarea_asincrona": "Task-1", "mensaje": "================================================================", "asctime": "16:35:39"}
{"fecha_hora": "2026-09-03T19:35:39.088621Z", "nivel": "DEBUG", "proceso_id": 17316, "hilo": "MainThread", "tarea_asincrona": "Task-AWS", "mensaje": "Iniciando petición asíncrona hacia AWS en https://jsonplaceholder.typicode.com/posts/1", "provider": "AWS", "target_url": "https://jsonplaceholder.typicode.com/posts/1"}
{"fecha_hora": "2026-09-03T19:35:39.182631Z", "nivel": "DEBUG", "proceso_id": 17316, "hilo": "MainThread", "tarea_asincrona": "Task-GCP", "mensaje": "Iniciando petición asíncrona hacia GCP en https://jsonplaceholder.typicode.com/posts/3", "provider": "GCP", "target_url": "https://jsonplaceholder.typicode.com/posts/3"}
{"fecha_hora": "2026-09-03T19:35:39.402262Z", "nivel": "INFO", "proceso_id": 17316, "hilo": "MainThread", "tarea_asincrona": "Task-AWS", "mensaje": "Telemetría recibida exitosamente de AWS", "provider": "AWS", "status_code": 200, "asctime": "16:35:39"}
{"fecha_hora": "2026-09-03T19:35:39.407108Z", "nivel": "INFO", "proceso_id": 17316, "hilo": "MainThread", "tarea_asincrona": "Task-GCP", "mensaje": "Telemetría recibida exitosamente de GCP", "provider": "GCP", "status_code": 200, "asctime": "16:35:39"}
{"fecha_hora": "2026-09-03T19:35:39.408346Z", "nivel": "INFO", "proceso_id": 17316, "hilo": "MainThread", "tarea_asincrona": "Task-1", "mensaje": "ESCANEO COMPLETADO CON EXITO:", "asctime": "16:35:39"}
{"fecha_hora": "2026-09-03T19:35:39.408418Z", "nivel": "INFO", "proceso_id": 17316, "hilo": "MainThread", "tarea_asincrona": "Task-1", "mensaje": "  AWS -> Latencia: 0.224s | ID: 1", "asctime": "16:35:39"}
{"fecha_hora": "2026-09-03T19:35:39.408456Z", "nivel": "INFO", "proceso_id": 17316, "hilo": "MainThread", "tarea_asincrona": "Task-1", "mensaje": "  GCP -> Latencia: 0.215s | ID: 3", "asctime": "16:35:39"}
{"fecha_hora": "2026-09-03T19:35:39.408472Z", "nivel": "INFO", "proceso_id": 17316, "hilo": "MainThread", "tarea_asincrona": "Task-1", "mensaje": "[FIN DE CICLO]", "asctime": "16:35:39"}
{"fecha_hora": "2026-09-03T19:50:43.612698Z", "nivel": "INFO", "proceso_id": 17028, "hilo": "MainThread", "tarea_asincrona": "Task-1", "mensaje": "================================================================", "asctime": "16:50:43"}
{"fecha_hora": "2026-09-03T19:50:43.612803Z", "nivel": "INFO", "proceso_id": 17028, "hilo": "MainThread", "tarea_asincrona": "Task-1", "mensaje": "INICIANDO MONITOREO MULTICLOUD: PROYECTO TRITON", "asctime": "16:50:43"}
{"fecha_hora": "2026-09-03T19:50:43.612889Z", "nivel": "INFO", "proceso_id": 17028, "hilo": "MainThread", "tarea_asincrona": "Task-1", "mensaje": "================================================================", "asctime": "16:50:43"}
{"fecha_hora": "2026-09-03T19:50:43.612911Z", "nivel": "INFO", "proceso_id": 17028, "hilo": "MainThread", "tarea_asincrona": "Task-1", "mensaje": "Cluster Objetivo: cluster-us-west-02", "asctime": "16:50:43"}
{"fecha_hora": "2026-09-03T19:50:43.612929Z", "nivel": "INFO", "proceso_id": 17028, "hilo": "MainThread", "tarea_asincrona": "Task-1", "mensaje": "Modo Operativo: NOMINAL", "asctime": "16:50:43"}
{"fecha_hora": "2026-09-03T19:50:43.612946Z", "nivel": "INFO", "proceso_id": 17028, "hilo": "MainThread", "tarea_asincrona": "Task-1", "mensaje": "Proveedores seleccionados: AWS, Azure, GCP", "asctime": "16:50:43"}
{"fecha_hora": "2026-09-03T19:50:43.612974Z", "nivel": "INFO", "proceso_id": 17028, "hilo": "MainThread", "tarea_asincrona": "Task-1", "mensaje": "Timeout limite configurado: 1.5s", "asctime": "16:50:43"}
{"fecha_hora": "2026-09-03T19:50:43.612992Z", "nivel": "WARNING", "proceso_id": 17028, "hilo": "MainThread", "tarea_asincrona": "Task-1", "mensaje": "ADVERTENCIA: MODO CAOS ACTIVADO.", "asctime": "16:50:43"}
{"fecha_hora": "2026-09-03T19:50:43.613007Z", "nivel": "INFO", "proceso_id": 17028, "hilo": "MainThread", "tarea_asincrona": "Task-1", "mensaje": "================================================================", "asctime": "16:50:43"}
{"fecha_hora": "2026-09-03T19:50:43.613223Z", "nivel": "DEBUG", "proceso_id": 17028, "hilo": "MainThread", "tarea_asincrona": "Task-AWS", "mensaje": "Iniciando petición asíncrona hacia AWS en https://httpbin.org/delay/3", "provider": "AWS", "target_url": "https://httpbin.org/delay/3"}
{"fecha_hora": "2026-09-03T19:50:43.700303Z", "nivel": "DEBUG", "proceso_id": 17028, "hilo": "MainThread", "tarea_asincrona": "Task-Azure", "mensaje": "Iniciando petición asíncrona hacia Azure en https://httpbin.org/status/504", "provider": "Azure", "target_url": "https://httpbin.org/status/504"}
{"fecha_hora": "2026-09-03T19:50:43.709126Z", "nivel": "DEBUG", "proceso_id": 17028, "hilo": "MainThread", "tarea_asincrona": "Task-GCP", "mensaje": "Iniciando petición asíncrona hacia GCP en https://httpbin.org/xml", "provider": "GCP", "target_url": "https://httpbin.org/xml"}
{"fecha_hora": "2026-09-03T19:50:44.491425Z", "nivel": "ERROR", "proceso_id": 17028, "hilo": "MainThread", "tarea_asincrona": "Task-1", "mensaje": "PAYLOADS CORRUPTOS (1 incidentes):", "asctime": "16:50:44"}
{"fecha_hora": "2026-09-03T19:50:44.491477Z", "nivel": "ERROR", "proceso_id": 17028, "hilo": "MainThread", "tarea_asincrona": "Task-1", "mensaje": "  Fallo: El proveedor GCP devolvió un payload no serializable o con datos corruptos.", "asctime": "16:50:44"}
{"fecha_hora": "2026-09-03T19:50:44.492753Z", "nivel": "INFO", "proceso_id": 17028, "hilo": "MainThread", "tarea_asincrona": "Task-1", "mensaje": "[FIN DE CICLO]", "asctime": "16:50:44"}
{"fecha_hora": "2026-09-03T22:42:59.081862Z", "nivel": "INFO", "proceso_id": 18940, "hilo": "MainThread", "tarea_asincrona": "Task-1", "mensaje": "================================================================", "asctime": "19:42:59"}
{"fecha_hora": "2026-09-03T22:42:59.081948Z", "nivel": "INFO", "proceso_id": 18940, "hilo": "MainThread", "tarea_asincrona": "Task-1", "mensaje": "INICIANDO MONITOREO MULTICLOUD: PROYECTO TRITON", "asctime": "19:42:59"}
{"fecha_hora": "2026-09-03T22:42:59.081988Z", "nivel": "INFO", "proceso_id": 18940, "hilo": "MainThread", "tarea_asincrona": "Task-1", "mensaje": "================================================================", "asctime": "19:42:59"}
{"fecha_hora": "2026-09-03T22:42:59.082009Z", "nivel": "INFO", "proceso_id": 18940, "hilo": "MainThread", "tarea_asincrona": "Task-1", "mensaje": "Cluster Objetivo: cluster-us-east-01", "asctime": "19:42:59"}
{"fecha_hora": "2026-09-03T22:42:59.082038Z", "nivel": "INFO", "proceso_id": 18940, "hilo": "MainThread", "tarea_asincrona": "Task-1", "mensaje": "Modo Operativo: NOMINAL", "asctime": "19:42:59"}
{"fecha_hora": "2026-09-03T22:42:59.082054Z", "nivel": "INFO", "proceso_id": 18940, "hilo": "MainThread", "tarea_asincrona": "Task-1", "mensaje": "Proveedores seleccionados: AWS, GCP", "asctime": "19:42:59"}
{"fecha_hora": "2026-09-03T22:42:59.082075Z", "nivel": "INFO", "proceso_id": 18940, "hilo": "MainThread", "tarea_asincrona": "Task-1", "mensaje": "Timeout limite configurado: 0.1s", "asctime": "19:42:59"}
{"fecha_hora": "2026-09-03T22:42:59.082092Z", "nivel": "WARNING", "proceso_id": 18940, "hilo": "MainThread", "tarea_asincrona": "Task-1", "mensaje": "ADVERTENCIA: MODO CAOS ACTIVADO.", "asctime": "19:42:59"}
{"fecha_hora": "2026-09-03T22:42:59.082106Z", "nivel": "INFO", "proceso_id": 18940, "hilo": "MainThread", "tarea_asincrona": "Task-1", "mensaje": "================================================================", "asctime": "19:42:59"}
{"fecha_hora": "2026-09-03T22:42:59.082227Z", "nivel": "DEBUG", "proceso_id": 18940, "hilo": "MainThread", "tarea_asincrona": "Task-AWS", "mensaje": "Iniciando petición asíncrona hacia AWS en https://httpbin.org/delay/3", "provider": "AWS", "target_url": "https://httpbin.org/delay/3"}
{"fecha_hora": "2026-09-03T22:42:59.228060Z", "nivel": "DEBUG", "proceso_id": 18940, "hilo": "MainThread", "tarea_asincrona": "Task-GCP", "mensaje": "Iniciando petición asíncrona hacia GCP en https://httpbin.org/xml", "provider": "GCP", "target_url": "https://httpbin.org/xml"}
{"fecha_hora": "2026-09-03T22:42:59.349902Z", "nivel": "ERROR", "proceso_id": 18940, "hilo": "MainThread", "tarea_asincrona": "Task-1", "mensaje": "TIMEOUTS DETECTADOS (2 incidentes):", "asctime": "19:42:59"}
{"fecha_hora": "2026-09-03T22:42:59.349963Z", "nivel": "ERROR", "proceso_id": 18940, "hilo": "MainThread", "tarea_asincrona": "Task-1", "mensaje": "  Fallo: Se agotó el tiempo de espera (0.1s) al conectar con AWS.", "asctime": "19:42:59"}
{"fecha_hora": "2026-09-03T22:42:59.349988Z", "nivel": "ERROR", "proceso_id": 18940, "hilo": "MainThread", "tarea_asincrona": "Task-1", "mensaje": "      [FORENSE] Provider_ID: AWS", "asctime": "19:42:59"}
{"fecha_hora": "2026-09-03T22:42:59.350006Z", "nivel": "ERROR", "proceso_id": 18940, "hilo": "MainThread", "tarea_asincrona": "Task-1", "mensaje": "      [FORENSE] Requested_Timeout_Limit: 0.1s", "asctime": "19:42:59"}
{"fecha_hora": "2026-09-03T22:42:59.350022Z", "nivel": "ERROR", "proceso_id": 18940, "hilo": "MainThread", "tarea_asincrona": "Task-1", "mensaje": "      [FORENSE] Target_Endpoint: https://httpbin.org/delay/3", "asctime": "19:42:59"}
{"fecha_hora": "2026-09-03T22:42:59.350040Z", "nivel": "ERROR", "proceso_id": 18940, "hilo": "MainThread", "tarea_asincrona": "Task-1", "mensaje": "  Fallo: Se agotó el tiempo de espera (0.1s) al conectar con GCP.", "asctime": "19:42:59"}
{"fecha_hora": "2026-09-03T22:42:59.350056Z", "nivel": "ERROR", "proceso_id": 18940, "hilo": "MainThread", "tarea_asincrona": "Task-1", "mensaje": "      [FORENSE] Provider_ID: GCP", "asctime": "19:42:59"}
{"fecha_hora": "2026-09-03T22:42:59.350075Z", "nivel": "ERROR", "proceso_id": 18940, "hilo": "MainThread", "tarea_asincrona": "Task-1", "mensaje": "      [FORENSE] Requested_Timeout_Limit: 0.1s", "asctime": "19:42:59"}
{"fecha_hora": "2026-09-03T22:42:59.350089Z", "nivel": "ERROR", "proceso_id": 18940, "hilo": "MainThread", "tarea_asincrona": "Task-1", "mensaje": "      [FORENSE] Target_Endpoint: https://httpbin.org/xml", "asctime": "19:42:59"}
{"fecha_hora": "2026-09-03T22:42:59.350118Z", "nivel": "INFO", "proceso_id": 18940, "hilo": "MainThread", "tarea_asincrona": "Task-1", "mensaje": "[FIN DE CICLO]", "asctime": "19:42:59"}
{"fecha_hora": "2026-09-03T23:47:41.357936Z", "nivel": "INFO", "proceso_id": 6232, "hilo": "MainThread", "tarea_asincrona": "Task-1", "mensaje": "================================================================", "asctime": "20:47:41"}
{"fecha_hora": "2026-09-03T23:47:41.358003Z", "nivel": "INFO", "proceso_id": 6232, "hilo": "MainThread", "tarea_asincrona": "Task-1", "mensaje": "INICIANDO MONITOREO MULTICLOUD: PROYECTO TRITON", "asctime": "20:47:41"}
{"fecha_hora": "2026-09-03T23:47:41.358058Z", "nivel": "INFO", "proceso_id": 6232, "hilo": "MainThread", "tarea_asincrona": "Task-1", "mensaje": "================================================================", "asctime": "20:47:41"}
{"fecha_hora": "2026-09-03T23:47:41.358080Z", "nivel": "INFO", "proceso_id": 6232, "hilo": "MainThread", "tarea_asincrona": "Task-1", "mensaje": "Cluster Objetivo: cluster-us-east-01", "asctime": "20:47:41"}
{"fecha_hora": "2026-09-03T23:47:41.358097Z", "nivel": "INFO", "proceso_id": 6232, "hilo": "MainThread", "tarea_asincrona": "Task-1", "mensaje": "Modo Operativo: NOMINAL", "asctime": "20:47:41"}
{"fecha_hora": "2026-09-03T23:47:41.358114Z", "nivel": "INFO", "proceso_id": 6232, "hilo": "MainThread", "tarea_asincrona": "Task-1", "mensaje": "Proveedores seleccionados: AWS, GCP", "asctime": "20:47:41"}
{"fecha_hora": "2026-09-03T23:47:41.358135Z", "nivel": "INFO", "proceso_id": 6232, "hilo": "MainThread", "tarea_asincrona": "Task-1", "mensaje": "Timeout limite configurado: 3.0s", "asctime": "20:47:41"}
{"fecha_hora": "2026-09-03T23:47:41.358162Z", "nivel": "INFO", "proceso_id": 6232, "hilo": "MainThread", "tarea_asincrona": "Task-1", "mensaje": "================================================================", "asctime": "20:47:41"}
{"fecha_hora": "2026-09-03T23:47:41.358266Z", "nivel": "DEBUG", "proceso_id": 6232, "hilo": "MainThread", "tarea_asincrona": "Task-AWS", "mensaje": "Iniciando petición asíncrona hacia AWS en https://jsonplaceholder.typicode.com/posts/1", "provider": "AWS", "target_url": "https://jsonplaceholder.typicode.com/posts/1"}
{"fecha_hora": "2026-09-03T23:47:41.472010Z", "nivel": "DEBUG", "proceso_id": 6232, "hilo": "MainThread", "tarea_asincrona": "Task-GCP", "mensaje": "Iniciando petición asíncrona hacia GCP en https://jsonplaceholder.typicode.com/posts/3", "provider": "GCP", "target_url": "https://jsonplaceholder.typicode.com/posts/3"}
{"fecha_hora": "2026-09-03T23:47:41.681976Z", "nivel": "INFO", "proceso_id": 6232, "hilo": "MainThread", "tarea_asincrona": "Task-GCP", "mensaje": "Telemetría recibida exitosamente de GCP", "provider": "GCP", "status_code": 200, "asctime": "20:47:41"}
{"fecha_hora": "2026-09-03T23:47:41.695147Z", "nivel": "INFO", "proceso_id": 6232, "hilo": "MainThread", "tarea_asincrona": "Task-AWS", "mensaje": "Telemetría recibida exitosamente de AWS", "provider": "AWS", "status_code": 200, "asctime": "20:47:41"}
{"fecha_hora": "2026-09-03T23:47:41.696141Z", "nivel": "INFO", "proceso_id": 6232, "hilo": "MainThread", "tarea_asincrona": "Task-1", "mensaje": "ESCANEO COMPLETADO CON EXITO:", "asctime": "20:47:41"}
{"fecha_hora": "2026-09-03T23:47:41.696194Z", "nivel": "INFO", "proceso_id": 6232, "hilo": "MainThread", "tarea_asincrona": "Task-1", "mensaje": "  AWS -> Latencia: 0.229s | ID: 1", "asctime": "20:47:41"}
{"fecha_hora": "2026-09-03T23:47:41.696229Z", "nivel": "INFO", "proceso_id": 6232, "hilo": "MainThread", "tarea_asincrona": "Task-1", "mensaje": "  GCP -> Latencia: 0.201s | ID: 3", "asctime": "20:47:41"}
{"fecha_hora": "2026-09-03T23:47:41.696251Z", "nivel": "INFO", "proceso_id": 6232, "hilo": "MainThread", "tarea_asincrona": "Task-1", "mensaje": "[FIN DE CICLO]", "asctime": "20:47:41"}
{"fecha_hora": "2026-09-03T23:48:29.406205Z", "nivel": "INFO", "proceso_id": 27340, "hilo": "MainThread", "tarea_asincrona": "Task-1", "mensaje": "================================================================", "asctime": "20:48:29"}
{"fecha_hora": "2026-09-03T23:48:29.406325Z", "nivel": "INFO", "proceso_id": 27340, "hilo": "MainThread", "tarea_asincrona": "Task-1", "mensaje": "INICIANDO MONITOREO MULTICLOUD: PROYECTO TRITON", "asctime": "20:48:29"}
{"fecha_hora": "2026-09-03T23:48:29.406374Z", "nivel": "INFO", "proceso_id": 27340, "hilo": "MainThread", "tarea_asincrona": "Task-1", "mensaje": "================================================================", "asctime": "20:48:29"}
{"fecha_hora": "2026-09-03T23:48:29.406396Z", "nivel": "INFO", "proceso_id": 27340, "hilo": "MainThread", "tarea_asincrona": "Task-1", "mensaje": "Cluster Objetivo: cluster-us-east-01", "asctime": "20:48:29"}
{"fecha_hora": "2026-09-03T23:48:29.406414Z", "nivel": "INFO", "proceso_id": 27340, "hilo": "MainThread", "tarea_asincrona": "Task-1", "mensaje": "Modo Operativo: NOMINAL", "asctime": "20:48:29"}
{"fecha_hora": "2026-09-03T23:48:29.406432Z", "nivel": "INFO", "proceso_id": 27340, "hilo": "MainThread", "tarea_asincrona": "Task-1", "mensaje": "Proveedores seleccionados: AWS, Azure, GCP", "asctime": "20:48:29"}
{"fecha_hora": "2026-09-03T23:48:29.406475Z", "nivel": "INFO", "proceso_id": 27340, "hilo": "MainThread", "tarea_asincrona": "Task-1", "mensaje": "Timeout limite configurado: 0.1s", "asctime": "20:48:29"}
{"fecha_hora": "2026-09-03T23:48:29.406492Z", "nivel": "WARNING", "proceso_id": 27340, "hilo": "MainThread", "tarea_asincrona": "Task-1", "mensaje": "ADVERTENCIA: MODO CAOS ACTIVADO.", "asctime": "20:48:29"}
{"fecha_hora": "2026-09-03T23:48:29.406507Z", "nivel": "INFO", "proceso_id": 27340, "hilo": "MainThread", "tarea_asincrona": "Task-1", "mensaje": "================================================================", "asctime": "20:48:29"}
{"fecha_hora": "2026-09-03T23:48:29.406630Z", "nivel": "DEBUG", "proceso_id": 27340, "hilo": "MainThread", "tarea_asincrona": "Task-AWS", "mensaje": "Iniciando petición asíncrona hacia AWS en https://httpbin.org/delay/3", "provider": "AWS", "target_url": "https://httpbin.org/delay/3"}
{"fecha_hora": "2026-09-03T23:48:29.497553Z", "nivel": "DEBUG", "proceso_id": 27340, "hilo": "MainThread", "tarea_asincrona": "Task-Azure", "mensaje": "Iniciando petición asíncrona hacia Azure en https://httpbin.org/status/504", "provider": "Azure", "target_url": "https://httpbin.org/status/504"}
{"fecha_hora": "2026-09-03T23:48:29.506677Z", "nivel": "DEBUG", "proceso_id": 27340, "hilo": "MainThread", "tarea_asincrona": "Task-GCP", "mensaje": "Iniciando petición asíncrona hacia GCP en https://httpbin.org/xml", "provider": "GCP", "target_url": "https://httpbin.org/xml"}
{"fecha_hora": "2026-09-03T23:48:29.632259Z", "nivel": "ERROR", "proceso_id": 27340, "hilo": "MainThread", "tarea_asincrona": "Task-1", "mensaje": "TIMEOUTS DETECTADOS (3 incidentes):", "asctime": "20:48:29"}
{"fecha_hora": "2026-09-03T23:48:29.632372Z", "nivel": "ERROR", "proceso_id": 27340, "hilo": "MainThread", "tarea_asincrona": "Task-1", "mensaje": "  Fallo: Se agotó el tiempo de espera (0.1s) al conectar con AWS.", "asctime": "20:48:29"}
{"fecha_hora": "2026-09-03T23:48:29.632419Z", "nivel": "ERROR", "proceso_id": 27340, "hilo": "MainThread", "tarea_asincrona": "Task-1", "mensaje": "      [FORENSE] Provider_ID: AWS", "asctime": "20:48:29"}
{"fecha_hora": "2026-09-03T23:48:29.632450Z", "nivel": "ERROR", "proceso_id": 27340, "hilo": "MainThread", "tarea_asincrona": "Task-1", "mensaje": "      [FORENSE] Requested_Timeout_Limit: 0.1s", "asctime": "20:48:29"}
{"fecha_hora": "2026-09-03T23:48:29.632480Z", "nivel": "ERROR", "proceso_id": 27340, "hilo": "MainThread", "tarea_asincrona": "Task-1", "mensaje": "      [FORENSE] Target_Endpoint: https://httpbin.org/delay/3", "asctime": "20:48:29"}
{"fecha_hora": "2026-09-03T23:48:29.632509Z", "nivel": "ERROR", "proceso_id": 27340, "hilo": "MainThread", "tarea_asincrona": "Task-1", "mensaje": "  Fallo: Se agotó el tiempo de espera (0.1s) al conectar con Azure.", "asctime": "20:48:29"}
{"fecha_hora": "2026-09-03T23:48:29.632543Z", "nivel": "ERROR", "proceso_id": 27340, "hilo": "MainThread", "tarea_asincrona": "Task-1", "mensaje": "      [FORENSE] Provider_ID: Azure", "asctime": "20:48:29"}
{"fecha_hora": "2026-09-03T23:48:29.632573Z", "nivel": "ERROR", "proceso_id": 27340, "hilo": "MainThread", "tarea_asincrona": "Task-1", "mensaje": "      [FORENSE] Requested_Timeout_Limit: 0.1s", "asctime": "20:48:29"}
{"fecha_hora": "2026-09-03T23:48:29.632602Z", "nivel": "ERROR", "proceso_id": 27340, "hilo": "MainThread", "tarea_asincrona": "Task-1", "mensaje": "      [FORENSE] Target_Endpoint: https://httpbin.org/status/504", "asctime": "20:48:29"}
{"fecha_hora": "2026-09-03T23:48:29.632635Z", "nivel": "ERROR", "proceso_id": 27340, "hilo": "MainThread", "tarea_asincrona": "Task-1", "mensaje": "  Fallo: Se agotó el tiempo de espera (0.1s) al conectar con GCP.", "asctime": "20:48:29"}
{"fecha_hora": "2026-09-03T23:48:29.632670Z", "nivel": "ERROR", "proceso_id": 27340, "hilo": "MainThread", "tarea_asincrona": "Task-1", "mensaje": "      [FORENSE] Provider_ID: GCP", "asctime": "20:48:29"}
{"fecha_hora": "2026-09-03T23:48:29.632700Z", "nivel": "ERROR", "proceso_id": 27340, "hilo": "MainThread", "tarea_asincrona": "Task-1", "mensaje": "      [FORENSE] Requested_Timeout_Limit: 0.1s", "asctime": "20:48:29"}
{"fecha_hora": "2026-09-03T23:48:29.632729Z", "nivel": "ERROR", "proceso_id": 27340, "hilo": "MainThread", "tarea_asincrona": "Task-1", "mensaje": "      [FORENSE] Target_Endpoint: https://httpbin.org/xml", "asctime": "20:48:29"}
{"fecha_hora": "2026-09-03T23:48:29.632785Z", "nivel": "INFO", "proceso_id": 27340, "hilo": "MainThread", "tarea_asincrona": "Task-1", "mensaje": "[FIN DE CICLO]", "asctime": "20:48:29"}
{"fecha_hora": "2026-09-03T23:48:37.447264Z", "nivel": "INFO", "proceso_id": 19660, "hilo": "MainThread", "tarea_asincrona": "Task-1", "mensaje": "================================================================", "asctime": "20:48:37"}
{"fecha_hora": "2026-09-03T23:48:37.447342Z", "nivel": "INFO", "proceso_id": 19660, "hilo": "MainThread", "tarea_asincrona": "Task-1", "mensaje": "INICIANDO MONITOREO MULTICLOUD: PROYECTO TRITON", "asctime": "20:48:37"}
{"fecha_hora": "2026-09-03T23:48:37.447386Z", "nivel": "INFO", "proceso_id": 19660, "hilo": "MainThread", "tarea_asincrona": "Task-1", "mensaje": "================================================================", "asctime": "20:48:37"}
{"fecha_hora": "2026-09-03T23:48:37.447406Z", "nivel": "INFO", "proceso_id": 19660, "hilo": "MainThread", "tarea_asincrona": "Task-1", "mensaje": "Cluster Objetivo: cluster-us-east-01", "asctime": "20:48:37"}
{"fecha_hora": "2026-09-03T23:48:37.447423Z", "nivel": "INFO", "proceso_id": 19660, "hilo": "MainThread", "tarea_asincrona": "Task-1", "mensaje": "Modo Operativo: NOMINAL", "asctime": "20:48:37"}
{"fecha_hora": "2026-09-03T23:48:37.447440Z", "nivel": "INFO", "proceso_id": 19660, "hilo": "MainThread", "tarea_asincrona": "Task-1", "mensaje": "Proveedores seleccionados: AWS, GCP", "asctime": "20:48:37"}
{"fecha_hora": "2026-09-03T23:48:37.447459Z", "nivel": "INFO", "proceso_id": 19660, "hilo": "MainThread", "tarea_asincrona": "Task-1", "mensaje": "Timeout limite configurado: 0.1s", "asctime": "20:48:37"}
{"fecha_hora": "2026-09-03T23:48:37.447476Z", "nivel": "WARNING", "proceso_id": 19660, "hilo": "MainThread", "tarea_asincrona": "Task-1", "mensaje": "ADVERTENCIA: MODO CAOS ACTIVADO.", "asctime": "20:48:37"}
{"fecha_hora": "2026-09-03T23:48:37.447490Z", "nivel": "INFO", "proceso_id": 19660, "hilo": "MainThread", "tarea_asincrona": "Task-1", "mensaje": "================================================================", "asctime": "20:48:37"}
{"fecha_hora": "2026-09-03T23:48:37.447599Z", "nivel": "DEBUG", "proceso_id": 19660, "hilo": "MainThread", "tarea_asincrona": "Task-AWS", "mensaje": "Iniciando petición asíncrona hacia AWS en https://httpbin.org/delay/3", "provider": "AWS", "target_url": "https://httpbin.org/delay/3"}
{"fecha_hora": "2026-09-03T23:48:37.535866Z", "nivel": "DEBUG", "proceso_id": 19660, "hilo": "MainThread", "tarea_asincrona": "Task-GCP", "mensaje": "Iniciando petición asíncrona hacia GCP en https://httpbin.org/xml", "provider": "GCP", "target_url": "https://httpbin.org/xml"}
{"fecha_hora": "2026-09-03T23:48:37.651524Z", "nivel": "ERROR", "proceso_id": 19660, "hilo": "MainThread", "tarea_asincrona": "Task-1", "mensaje": "TIMEOUTS DETECTADOS (2 incidentes):", "asctime": "20:48:37"}
{"fecha_hora": "2026-09-03T23:48:37.651589Z", "nivel": "ERROR", "proceso_id": 19660, "hilo": "MainThread", "tarea_asincrona": "Task-1", "mensaje": "  Fallo: Se agotó el tiempo de espera (0.1s) al conectar con AWS.", "asctime": "20:48:37"}
{"fecha_hora": "2026-09-03T23:48:37.651616Z", "nivel": "ERROR", "proceso_id": 19660, "hilo": "MainThread", "tarea_asincrona": "Task-1", "mensaje": "      [FORENSE] Provider_ID: AWS", "asctime": "20:48:37"}
{"fecha_hora": "2026-09-03T23:48:37.651639Z", "nivel": "ERROR", "proceso_id": 19660, "hilo": "MainThread", "tarea_asincrona": "Task-1", "mensaje": "      [FORENSE] Requested_Timeout_Limit: 0.1s", "asctime": "20:48:37"}
{"fecha_hora": "2026-09-03T23:48:37.651657Z", "nivel": "ERROR", "proceso_id": 19660, "hilo": "MainThread", "tarea_asincrona": "Task-1", "mensaje": "      [FORENSE] Target_Endpoint: https://httpbin.org/delay/3", "asctime": "20:48:37"}
{"fecha_hora": "2026-09-03T23:48:37.651680Z", "nivel": "ERROR", "proceso_id": 19660, "hilo": "MainThread", "tarea_asincrona": "Task-1", "mensaje": "  Fallo: Se agotó el tiempo de espera (0.1s) al conectar con GCP.", "asctime": "20:48:37"}
{"fecha_hora": "2026-09-03T23:48:37.651698Z", "nivel": "ERROR", "proceso_id": 19660, "hilo": "MainThread", "tarea_asincrona": "Task-1", "mensaje": "      [FORENSE] Provider_ID: GCP", "asctime": "20:48:37"}
{"fecha_hora": "2026-09-03T23:48:37.651719Z", "nivel": "ERROR", "proceso_id": 19660, "hilo": "MainThread", "tarea_asincrona": "Task-1", "mensaje": "      [FORENSE] Requested_Timeout_Limit: 0.1s", "asctime": "20:48:37"}
{"fecha_hora": "2026-09-03T23:48:37.651745Z", "nivel": "ERROR", "proceso_id": 19660, "hilo": "MainThread", "tarea_asincrona": "Task-1", "mensaje": "      [FORENSE] Target_Endpoint: https://httpbin.org/xml", "asctime": "20:48:37"}
{"fecha_hora": "2026-09-03T23:48:37.651777Z", "nivel": "INFO", "proceso_id": 19660, "hilo": "MainThread", "tarea_asincrona": "Task-1", "mensaje": "[FIN DE CICLO]", "asctime": "20:48:37"}
